<area shape="rect" href="$maxmsp&#45;sdk_2archive_24_83_01headers_2c74support_2max&#45;includes_2ext_8h&#45;source.html" title="ext.h" alt="" coords="355,80,406,107">
<area shape="rect" href="$maxmsp&#45;sdk_2archive_24_83_01headers_2c74support_2max&#45;includes_2ext__common_8h&#45;source.html" title="ext_common.h" alt="" coords="808,80,918,107">
<area shape="rect" href="$ext__obex_8h&#45;source.html" title="ext_obex.h" alt="" coords="942,80,1030,107">
<area shape="rect" href="$ext__time_8h&#45;source.html" title="ext_time.h" alt="" coords="1054,80,1136,107">
<area shape="rect" href="$ext__itm_8h&#45;source.html" title="ext_itm.h" alt="" coords="1160,80,1238,107">
<area shape="rect" href="$maxmsp&#45;sdk_2archive_24_83_01headers_2c74support_2max&#45;includes_2ext__prefix_8h&#45;source.html" title="ext_prefix.h" alt="" coords="491,155,582,181">
<area shape="rect" href="$maxmsp&#45;sdk_2archive_24_83_01headers_2c74support_2max&#45;includes_2ext__mess_8h&#45;source.html" title="ext_mess.h" alt="" coords="160,155,251,181">
<area shape="rect" href="$maxmsp&#45;sdk_2archive_24_83_01headers_2c74support_2max&#45;includes_2ext__types_8h&#45;source.html" title="ext_types.h" alt="" coords="6,229,96,256">
<area shape="rect" href="$maxmsp&#45;sdk_2archive_24_83_01headers_2c74support_2max&#45;includes_2ext__maxtypes_8h&#45;source.html" title="ext_maxtypes.h" alt="" coords="120,229,235,256">
<area shape="rect" href="$maxmsp&#45;sdk_2archive_24_83_01headers_2c74support_2max&#45;includes_2ext__proto_8h&#45;source.html" title="ext_proto.h" alt="" coords="376,155,467,181">
<area shape="rect" href="$maxmsp&#45;sdk_2archive_24_83_01headers_2c74support_2max&#45;includes_2ext__sysmem_8h&#45;source.html" title="ext_sysmem.h" alt="" coords="608,229,718,256">
<area shape="rect" href="$maxmsp&#45;sdk_2archive_24_83_01headers_2c74support_2max&#45;includes_2ext__sysfile_8h&#45;source.html" title="ext_sysfile.h" alt="" coords="742,229,838,256">
<area shape="rect" href="$maxmsp&#45;sdk_2archive_24_83_01headers_2c74support_2max&#45;includes_2ext__systime_8h&#45;source.html" title="ext_systime.h" alt="" coords="862,229,966,256">
<area shape="rect" href="$maxmsp&#45;sdk_2archive_24_83_01headers_2c74support_2max&#45;includes_2ext__expr_8h&#45;source.html" title="ext_expr.h" alt="" coords="990,229,1075,256">
<area shape="rect" href="$maxmsp&#45;sdk_2archive_24_83_01headers_2c74support_2max&#45;includes_2ext__path_8h&#45;source.html" title="ext_path.h" alt="" coords="259,229,344,256">
<area shape="rect" href="$maxmsp&#45;sdk_2archive_24_83_01headers_2c74support_2max&#45;includes_2ext__qtimage_8h&#45;source.html" title="ext_qtimage.h" alt="" coords="368,229,475,256">
<area shape="rect" href="$maxmsp&#45;sdk_2archive_24_83_01headers_2c74support_2max&#45;includes_2ext__wind_8h&#45;source.html" title="ext_wind.h" alt="" coords="499,229,584,256">
<area shape="rect" href="$commonsyms_8h&#45;source.html" title="commonsyms.h" alt="" coords="1408,155,1526,181">
<area shape="rect" href="$ext__linklist_8h&#45;source.html" title="ext_linklist.h" alt="" coords="606,155,702,181">
<area shape="rect" href="$ext__hashtab_8h&#45;source.html" title="ext_hashtab.h" alt="" coords="726,155,832,181">
<area shape="rect" href="$ext__atomarray_8h&#45;source.html" title="ext_atomarray.h" alt="" coords="856,155,976,181">
<area shape="rect" href="$ext__obex__util_8h&#45;source.html" title="ext_obex_util.h" alt="" coords="1000,155,1112,181">
<area shape="rect" href="$ext__dictionary_8h&#45;source.html" title="ext_dictionary.h" alt="" coords="1136,155,1254,181">
<area shape="rect" href="$ext__obstring_8h&#45;source.html" title="ext_obstring.h" alt="" coords="1278,155,1384,181">
