<area shape="rect" href="$maxmsp&#45;sdk_2archive_24_83_01headers_2c74support_2max&#45;includes_2ext_8h&#45;source.html" title="ext.h" alt="" coords="735,80,785,107">
<area shape="rect" href="$maxmsp&#45;sdk_2archive_24_83_01headers_2c74support_2max&#45;includes_2ext__path_8h&#45;source.html" title="ext_path.h" alt="" coords="989,229,1075,256">
<area shape="rect" href="$maxmsp&#45;sdk_2archive_24_83_01headers_2c74support_2max&#45;includes_2ext__prefix_8h&#45;source.html" title="ext_prefix.h" alt="" coords="657,155,748,181">
<area shape="rect" href="$maxmsp&#45;sdk_2archive_24_83_01headers_2c74support_2max&#45;includes_2ext__mess_8h&#45;source.html" title="ext_mess.h" alt="" coords="772,155,863,181">
<area shape="rect" href="$maxmsp&#45;sdk_2archive_24_83_01headers_2c74support_2max&#45;includes_2ext__types_8h&#45;source.html" title="ext_types.h" alt="" coords="875,229,965,256">
<area shape="rect" href="$maxmsp&#45;sdk_2archive_24_83_01headers_2c74support_2max&#45;includes_2ext__maxtypes_8h&#45;source.html" title="ext_maxtypes.h" alt="" coords="5,229,120,256">
<area shape="rect" href="$maxmsp&#45;sdk_2archive_24_83_01headers_2c74support_2max&#45;includes_2ext__proto_8h&#45;source.html" title="ext_proto.h" alt="" coords="516,155,607,181">
<area shape="rect" href="$maxmsp&#45;sdk_2archive_24_83_01headers_2c74support_2max&#45;includes_2ext__sysmem_8h&#45;source.html" title="ext_sysmem.h" alt="" coords="621,229,731,256">
<area shape="rect" href="$maxmsp&#45;sdk_2archive_24_83_01headers_2c74support_2max&#45;includes_2ext__sysfile_8h&#45;source.html" title="ext_sysfile.h" alt="" coords="755,229,851,256">
<area shape="rect" href="$maxmsp&#45;sdk_2archive_24_83_01headers_2c74support_2max&#45;includes_2ext__systime_8h&#45;source.html" title="ext_systime.h" alt="" coords="144,229,248,256">
<area shape="rect" href="$maxmsp&#45;sdk_2archive_24_83_01headers_2c74support_2max&#45;includes_2ext__expr_8h&#45;source.html" title="ext_expr.h" alt="" coords="272,229,357,256">
<area shape="rect" href="$maxmsp&#45;sdk_2archive_24_83_01headers_2c74support_2max&#45;includes_2ext__qtimage_8h&#45;source.html" title="ext_qtimage.h" alt="" coords="381,229,488,256">
<area shape="rect" href="$maxmsp&#45;sdk_2archive_24_83_01headers_2c74support_2max&#45;includes_2ext__wind_8h&#45;source.html" title="ext_wind.h" alt="" coords="512,229,597,256">
