<area shape="rect" href="$maxmsp&#45;sdk_2archive_24_83_01headers_2c74support_2max&#45;includes_2ext_8h&#45;source.html" title="ext.h" alt="" coords="691,80,742,107">
<area shape="rect" href="$ext__obex_8h&#45;source.html" title="ext_obex.h" alt="" coords="1371,80,1459,107">
<area shape="rect" href="$jpatcher__api_8h&#45;source.html" title="jpatcher_api.h" alt="" coords="1650,80,1759,107">
<area shape="rect" href="$jgraphics_8h&#45;source.html" title="jgraphics.h" alt="" coords="1783,80,1871,107">
<area shape="rect" href="$maxmsp&#45;sdk_2archive_24_83_01headers_2c74support_2msp&#45;includes_2z__dsp_8h&#45;source.html" title="z_dsp.h" alt="" coords="1895,80,1964,107">
<area shape="rect" href="$ext__drag_8h&#45;source.html" title="ext_drag.h" alt="" coords="1988,80,2074,107">
<area shape="rect" href="$maxmsp&#45;sdk_2archive_24_83_01headers_2c74support_2max&#45;includes_2ext__prefix_8h&#45;source.html" title="ext_prefix.h" alt="" coords="614,155,704,181">
<area shape="rect" href="$maxmsp&#45;sdk_2archive_24_83_01headers_2c74support_2max&#45;includes_2ext__mess_8h&#45;source.html" title="ext_mess.h" alt="" coords="728,155,819,181">
<area shape="rect" href="$maxmsp&#45;sdk_2archive_24_83_01headers_2c74support_2max&#45;includes_2ext__types_8h&#45;source.html" title="ext_types.h" alt="" coords="984,229,1075,256">
<area shape="rect" href="$maxmsp&#45;sdk_2archive_24_83_01headers_2c74support_2max&#45;includes_2ext__maxtypes_8h&#45;source.html" title="ext_maxtypes.h" alt="" coords="6,229,120,256">
<area shape="rect" href="$maxmsp&#45;sdk_2archive_24_83_01headers_2c74support_2max&#45;includes_2ext__proto_8h&#45;source.html" title="ext_proto.h" alt="" coords="499,155,590,181">
<area shape="rect" href="$maxmsp&#45;sdk_2archive_24_83_01headers_2c74support_2max&#45;includes_2ext__sysmem_8h&#45;source.html" title="ext_sysmem.h" alt="" coords="731,229,840,256">
<area shape="rect" href="$maxmsp&#45;sdk_2archive_24_83_01headers_2c74support_2max&#45;includes_2ext__sysfile_8h&#45;source.html" title="ext_sysfile.h" alt="" coords="864,229,960,256">
<area shape="rect" href="$maxmsp&#45;sdk_2archive_24_83_01headers_2c74support_2max&#45;includes_2ext__systime_8h&#45;source.html" title="ext_systime.h" alt="" coords="144,229,248,256">
<area shape="rect" href="$maxmsp&#45;sdk_2archive_24_83_01headers_2c74support_2max&#45;includes_2ext__expr_8h&#45;source.html" title="ext_expr.h" alt="" coords="272,229,358,256">
<area shape="rect" href="$maxmsp&#45;sdk_2archive_24_83_01headers_2c74support_2max&#45;includes_2ext__path_8h&#45;source.html" title="ext_path.h" alt="" coords="382,229,467,256">
<area shape="rect" href="$maxmsp&#45;sdk_2archive_24_83_01headers_2c74support_2max&#45;includes_2ext__qtimage_8h&#45;source.html" title="ext_qtimage.h" alt="" coords="491,229,598,256">
<area shape="rect" href="$maxmsp&#45;sdk_2archive_24_83_01headers_2c74support_2max&#45;includes_2ext__wind_8h&#45;source.html" title="ext_wind.h" alt="" coords="622,229,707,256">
<area shape="rect" href="$commonsyms_8h&#45;source.html" title="commonsyms.h" alt="" coords="894,155,1011,181">
<area shape="rect" href="$ext__linklist_8h&#45;source.html" title="ext_linklist.h" alt="" coords="1035,155,1131,181">
<area shape="rect" href="$ext__hashtab_8h&#45;source.html" title="ext_hashtab.h" alt="" coords="1155,155,1262,181">
<area shape="rect" href="$ext__atomarray_8h&#45;source.html" title="ext_atomarray.h" alt="" coords="1286,155,1406,181">
<area shape="rect" href="$ext__obex__util_8h&#45;source.html" title="ext_obex_util.h" alt="" coords="1430,155,1542,181">
<area shape="rect" href="$ext__dictionary_8h&#45;source.html" title="ext_dictionary.h" alt="" coords="1566,155,1683,181">
<area shape="rect" href="$ext__obstring_8h&#45;source.html" title="ext_obstring.h" alt="" coords="1707,155,1814,181">
<area shape="rect" href="$jpatcher__syms_8h&#45;source.html" title="jpatcher_syms.h" alt="" coords="1838,155,1960,181">
<area shape="rect" href="$maxmsp&#45;sdk_2archive_24_83_01headers_2c74support_2msp&#45;includes_2z__altivec_8h&#45;source.html" title="z_altivec.h" alt="" coords="1984,155,2070,181">
