<area shape="rect" href="$maxmsp&#45;sdk_2archive_24_83_01headers_2c74support_2max&#45;includes_2ext_8h&#45;source.html" title="ext.h" alt="" coords="691,80,741,107">
<area shape="rect" href="$ext__obex_8h&#45;source.html" title="ext_obex.h" alt="" coords="1295,80,1383,107">
<area shape="rect" href="$jpatcher__api_8h&#45;source.html" title="jpatcher_api.h" alt="" coords="1625,80,1735,107">
<area shape="rect" href="$maxmsp&#45;sdk_2archive_24_83_01headers_2c74support_2max&#45;includes_2ext__prefix_8h&#45;source.html" title="ext_prefix.h" alt="" coords="613,155,704,181">
<area shape="rect" href="$maxmsp&#45;sdk_2archive_24_83_01headers_2c74support_2max&#45;includes_2ext__mess_8h&#45;source.html" title="ext_mess.h" alt="" coords="728,155,819,181">
<area shape="rect" href="$maxmsp&#45;sdk_2archive_24_83_01headers_2c74support_2max&#45;includes_2ext__types_8h&#45;source.html" title="ext_types.h" alt="" coords="984,229,1075,256">
<area shape="rect" href="$maxmsp&#45;sdk_2archive_24_83_01headers_2c74support_2max&#45;includes_2ext__maxtypes_8h&#45;source.html" title="ext_maxtypes.h" alt="" coords="5,229,120,256">
<area shape="rect" href="$maxmsp&#45;sdk_2archive_24_83_01headers_2c74support_2max&#45;includes_2ext__proto_8h&#45;source.html" title="ext_proto.h" alt="" coords="499,155,589,181">
<area shape="rect" href="$maxmsp&#45;sdk_2archive_24_83_01headers_2c74support_2max&#45;includes_2ext__sysmem_8h&#45;source.html" title="ext_sysmem.h" alt="" coords="851,229,960,256">
<area shape="rect" href="$maxmsp&#45;sdk_2archive_24_83_01headers_2c74support_2max&#45;includes_2ext__sysfile_8h&#45;source.html" title="ext_sysfile.h" alt="" coords="144,229,240,256">
<area shape="rect" href="$maxmsp&#45;sdk_2archive_24_83_01headers_2c74support_2max&#45;includes_2ext__systime_8h&#45;source.html" title="ext_systime.h" alt="" coords="264,229,368,256">
<area shape="rect" href="$maxmsp&#45;sdk_2archive_24_83_01headers_2c74support_2max&#45;includes_2ext__expr_8h&#45;source.html" title="ext_expr.h" alt="" coords="392,229,477,256">
<area shape="rect" href="$maxmsp&#45;sdk_2archive_24_83_01headers_2c74support_2max&#45;includes_2ext__path_8h&#45;source.html" title="ext_path.h" alt="" coords="501,229,587,256">
<area shape="rect" href="$maxmsp&#45;sdk_2archive_24_83_01headers_2c74support_2max&#45;includes_2ext__qtimage_8h&#45;source.html" title="ext_qtimage.h" alt="" coords="611,229,717,256">
<area shape="rect" href="$maxmsp&#45;sdk_2archive_24_83_01headers_2c74support_2max&#45;includes_2ext__wind_8h&#45;source.html" title="ext_wind.h" alt="" coords="741,229,827,256">
<area shape="rect" href="$commonsyms_8h&#45;source.html" title="commonsyms.h" alt="" coords="1024,155,1141,181">
<area shape="rect" href="$ext__linklist_8h&#45;source.html" title="ext_linklist.h" alt="" coords="1165,155,1261,181">
<area shape="rect" href="$ext__hashtab_8h&#45;source.html" title="ext_hashtab.h" alt="" coords="1285,155,1392,181">
<area shape="rect" href="$ext__atomarray_8h&#45;source.html" title="ext_atomarray.h" alt="" coords="1416,155,1536,181">
<area shape="rect" href="$ext__obex__util_8h&#45;source.html" title="ext_obex_util.h" alt="" coords="1560,155,1672,181">
<area shape="rect" href="$ext__dictionary_8h&#45;source.html" title="ext_dictionary.h" alt="" coords="1696,155,1813,181">
<area shape="rect" href="$ext__obstring_8h&#45;source.html" title="ext_obstring.h" alt="" coords="893,155,1000,181">
<area shape="rect" href="$jpatcher__syms_8h&#45;source.html" title="jpatcher_syms.h" alt="" coords="1837,155,1960,181">
